\BOOKMARK [0][-]{chapter*.1}{\376\377\000A\000V\000E\000R\000T\000I\000S\000S\000E\000M\000E\000N\000T}{}% 1
\BOOKMARK [0][-]{chapter*.2}{\376\377\000D\000\311\000D\000I\000C\000A\000C\000E\000\040\0001}{}% 2
\BOOKMARK [0][-]{chapter*.3}{\376\377\000D\000\311\000D\000I\000C\000A\000C\000E\000\040\0002}{}% 3
\BOOKMARK [0][-]{chapter*.4}{\376\377\000R\000E\000M\000E\000R\000C\000I\000E\000M\000E\000N\000T\000S}{}% 4
\BOOKMARK [0][-]{chapter*.5}{\376\377\000L\000I\000S\000T\000E\000\040\000D\000E\000S\000\040\000S\000I\000G\000L\000E\000S\000\040\000E\000T\000\040\000A\000B\000R\000\311\000V\000I\000A\000T\000I\000O\000N\000S}{}% 5
\BOOKMARK [0][-]{table.caption.6}{\376\377\000L\000I\000S\000T\000E\000\040\000D\000E\000S\000\040\000T\000A\000B\000L\000E\000A\000U\000X}{}% 6
\BOOKMARK [0][-]{table.caption.6}{\376\377\000L\000I\000S\000T\000E\000\040\000D\000E\000S\000\040\000F\000I\000G\000U\000R\000E\000S}{}% 7
\BOOKMARK [0][-]{chapter*.7}{\376\377\000R\000\311\000S\000U\000M\000\311}{}% 8
\BOOKMARK [0][-]{chapter*.8}{\376\377\000A\000B\000S\000T\000R\000A\000C\000T}{}% 9
\BOOKMARK [0][-]{chapter.1}{\376\377\000I\000N\000T\000R\000O\000D\000U\000C\000T\000I\000O\000N\000\040\000G\000\311\000N\000\311\000R\000A\000L\000E}{}% 10
\BOOKMARK [1][-]{section.1.1}{\376\377\000C\000o\000n\000t\000e\000x\000t\000e\000\040\000e\000t\000\040\000j\000u\000s\000t\000i\000f\000i\000c\000a\000t\000i\000f}{chapter.1}% 11
\BOOKMARK [1][-]{section.1.2}{\376\377\000P\000r\000o\000b\000l\000\351\000m\000a\000t\000i\000q\000u\000e}{chapter.1}% 12
\BOOKMARK [1][-]{section.1.3}{\376\377\000O\000b\000j\000e\000c\000t\000i\000f\000s\000\040\000d\000u\000\040\000m\000\351\000m\000o\000i\000r\000e}{chapter.1}% 13
\BOOKMARK [1][-]{section.1.4}{\376\377\000M\000\351\000t\000h\000o\000d\000o\000l\000o\000g\000i\000e\000\040\000a\000d\000o\000p\000t\000\351\000e}{chapter.1}% 14
\BOOKMARK [1][-]{section.1.5}{\376\377\000P\000r\000\351\000s\000e\000n\000t\000a\000t\000i\000o\000n\000\040\000d\000e\000\040\000l\000a\000\040\000s\000t\000r\000u\000c\000t\000u\000r\000e\000\040\000d\000'\000a\000c\000c\000u\000e\000i\000l}{chapter.1}% 15
\BOOKMARK [1][-]{section.1.6}{\376\377\000S\000t\000r\000u\000c\000t\000u\000r\000e\000\040\000d\000u\000\040\000m\000\351\000m\000o\000i\000r\000e}{chapter.1}% 16
\BOOKMARK [0][-]{chapter.2}{\376\377\000R\000E\000V\000U\000E\000\040\000D\000E\000\040\000L\000I\000T\000T\000\311\000R\000A\000T\000U\000R\000E}{}% 17
\BOOKMARK [1][-]{section.2.1}{\376\377\000I\000n\000t\000r\000o\000d\000u\000c\000t\000i\000o\000n}{chapter.2}% 18
\BOOKMARK [1][-]{section.2.2}{\376\377\000N\000o\000t\000i\000o\000n\000s\000\040\000g\000\351\000n\000\351\000r\000a\000l\000e\000s\000\040\000d\000e\000\040\000c\000y\000b\000e\000r\000s\000\351\000c\000u\000r\000i\000t\000\351}{chapter.2}% 19
\BOOKMARK [2][-]{subsection.2.2.1}{\376\377\000C\000y\000b\000e\000r\000s\000\351\000c\000u\000r\000i\000t\000\351}{section.2.2}% 20
\BOOKMARK [2][-]{subsection.2.2.2}{\376\377\000J\000o\000u\000r\000n\000a\000u\000x\000\040\000d\040\031\000a\000u\000d\000i\000t}{section.2.2}% 21
\BOOKMARK [2][-]{subsection.2.2.3}{\376\377\000A\000u\000t\000h\000e\000n\000t\000i\000f\000i\000c\000a\000t\000i\000o\000n\000\040\000f\000o\000r\000t\000e\000\040\000e\000t\000\040\0002\000F\000A}{section.2.2}% 22
\BOOKMARK [2][-]{subsection.2.2.4}{\376\377\000G\000e\000s\000t\000i\000o\000n\000\040\000d\000e\000s\000\040\000l\000o\000g\000s\000\040\000e\000t\000\040\000d\000e\000s\000\040\000a\000l\000e\000r\000t\000e\000s}{section.2.2}% 23
\BOOKMARK [3][-]{subsubsection.2.2.4.1}{\376\377\000C\000o\000l\000l\000e\000c\000t\000e\000\040\000d\000e\000s\000\040\000\351\000v\000\351\000n\000e\000m\000e\000n\000t\000s\000\040\000d\000e\000\040\000s\000\351\000c\000u\000r\000i\000t\000\351}{subsection.2.2.4}% 24
\BOOKMARK [3][-]{subsubsection.2.2.4.2}{\376\377\000A\000n\000a\000l\000y\000s\000e\000\040\000e\000t\000\040\000c\000o\000r\000r\000\351\000l\000a\000t\000i\000o\000n\000\040\000d\000e\000s\000\040\000\351\000v\000\351\000n\000e\000m\000e\000n\000t\000s}{subsection.2.2.4}% 25
\BOOKMARK [1][-]{section.2.3}{\376\377\000\311\000t\000u\000d\000e\000\040\000d\000e\000\040\000l\000'\000e\000x\000i\000s\000t\000a\000n\000t}{chapter.2}% 26
\BOOKMARK [2][-]{subsection.2.3.1}{\376\377\000A\000n\000a\000l\000y\000s\000e\000\040\000d\000e\000\040\000l\000'\000e\000x\000i\000s\000t\000a\000n\000t}{section.2.3}% 27
\BOOKMARK [3][-]{subsubsection.2.3.1.1}{\376\377\000I\000B\000M\000\040\000Q\000R\000a\000d\000a\000r}{subsection.2.3.1}% 28
\BOOKMARK [3][-]{subsubsection.2.3.1.2}{\376\377\000E\000L\000K\000\040\000S\000t\000a\000c\000k}{subsection.2.3.1}% 29
\BOOKMARK [2][-]{subsection.2.3.2}{\376\377\000P\000R\000O\000B\000L\000\311\000M\000A\000T\000I\000Q\000U\000E}{section.2.3}% 30
\BOOKMARK [2][-]{subsection.2.3.3}{\376\377\000I\000n\000t\000\351\000r\000e\000t\000\040\000d\000e\000\040\000l\000a\000\040\000c\000o\000n\000c\000e\000p\000t\000i\000o\000n}{section.2.3}% 31
\BOOKMARK [3][-]{subsubsection.2.3.3.1}{\376\377\000A\000n\000a\000l\000y\000s\000e\000\040\000S\000W\000O\000T}{subsection.2.3.3}% 32
\BOOKMARK [3][-]{subsubsection.2.3.3.2}{\376\377\000B\000u\000s\000i\000n\000e\000s\000s\000\040\000M\000o\000d\000e\000l\000\040\000C\000a\000n\000v\000a\000s\000\040\000\050\000B\000M\000C\000\051}{subsection.2.3.3}% 33
\BOOKMARK [4][-]{paragraph.2.3.3.2.1}{\376\377\000P\000r\000o\000p\000o\000s\000i\000t\000i\000o\000n\000\040\000d\000e\000\040\000v\000a\000l\000e\000u\000r\000\040\000:}{subsubsection.2.3.3.2}% 34
\BOOKMARK [4][-]{paragraph.2.3.3.2.2}{\376\377\000S\000e\000g\000m\000e\000n\000t\000s\000\040\000d\000e\000\040\000c\000l\000i\000e\000n\000t\000s\000\040\000:}{subsubsection.2.3.3.2}% 35
\BOOKMARK [4][-]{paragraph.2.3.3.2.3}{\376\377\000A\000c\000t\000i\000v\000i\000t\000\351\000s\000\040\000c\000l\000\351\000s\000\040\000:}{subsubsection.2.3.3.2}% 36
\BOOKMARK [4][-]{paragraph.2.3.3.2.4}{\376\377\000R\000e\000s\000s\000o\000u\000r\000c\000e\000s\000\040\000c\000l\000\351\000s\000\040\000:}{subsubsection.2.3.3.2}% 37
\BOOKMARK [1][-]{section.2.4}{\376\377\000C\000o\000n\000c\000l\000u\000s\000i\000o\000n}{chapter.2}% 38
\BOOKMARK [0][-]{chapter.3}{\376\377\000A\000R\000C\000H\000I\000T\000E\000C\000T\000U\000R\000E\000\040\000T\000E\000C\000H\000N\000I\000Q\000U\000E}{}% 39
\BOOKMARK [1][-]{section.3.1}{\376\377\000I\000n\000t\000r\000o\000d\000u\000c\000t\000i\000o\000n}{chapter.3}% 40
\BOOKMARK [1][-]{section.3.2}{\376\377\000C\000a\000h\000i\000e\000r\000\040\000d\000e\000s\000\040\000c\000h\000a\000r\000g\000e\000s}{chapter.3}% 41
\BOOKMARK [2][-]{subsection.3.2.1}{\376\377\000P\000r\000\351\000s\000e\000n\000t\000a\000t\000i\000o\000n\000\040\000d\000u\000\040\000t\000h\000\350\000m\000e}{section.3.2}% 42
\BOOKMARK [2][-]{subsection.3.2.2}{\376\377\000O\000b\000j\000e\000c\000t\000i\000f\000s\000\040\000d\000u\000\040\000p\000r\000o\000j\000e\000t}{section.3.2}% 43
\BOOKMARK [3][-]{subsubsection.3.2.2.1}{\376\377\000O\000b\000j\000e\000c\000t\000i\000f\000\040\000g\000\351\000n\000\351\000r\000a\000l}{subsection.3.2.2}% 44
\BOOKMARK [3][-]{subsubsection.3.2.2.2}{\376\377\000O\000b\000j\000e\000c\000t\000i\000f\000s\000\040\000s\000p\000\351\000c\000i\000f\000i\000q\000u\000e\000s}{subsection.3.2.2}% 45
\BOOKMARK [2][-]{subsection.3.2.3}{\376\377\000F\000o\000n\000c\000t\000i\000o\000n\000n\000a\000l\000i\000t\000\351\000s\000\040\000p\000r\000i\000n\000c\000i\000p\000a\000l\000e\000s}{section.3.2}% 46
\BOOKMARK [2][-]{subsection.3.2.4}{\376\377\000C\000o\000n\000t\000r\000a\000i\000n\000t\000e\000s\000\040\000d\000u\000\040\000p\000r\000o\000j\000e\000t}{section.3.2}% 47
\BOOKMARK [1][-]{section.3.3}{\376\377\000A\000n\000a\000l\000y\000s\000e\000\040\000d\000e\000s\000\040\000b\000e\000s\000o\000i\000n\000s}{chapter.3}% 48
\BOOKMARK [2][-]{subsection.3.3.1}{\376\377\000E\000x\000i\000g\000e\000n\000c\000e\000s\000\040\000f\000o\000n\000c\000t\000i\000o\000n\000n\000e\000l\000l\000e\000s}{section.3.3}% 49
\BOOKMARK [2][-]{subsection.3.3.2}{\376\377\000E\000x\000i\000g\000e\000n\000c\000e\000s\000\040\000n\000o\000n\000\040\000f\000o\000n\000c\000t\000i\000o\000n\000n\000e\000l\000l\000e\000s}{section.3.3}% 50
\BOOKMARK [1][-]{section.3.4}{\376\377\000C\000h\000o\000i\000x\000\040\000t\000e\000c\000h\000n\000i\000q\000u\000e\000s}{chapter.3}% 51
\BOOKMARK [2][-]{subsection.3.4.1}{\376\377\000T\000e\000c\000h\000n\000o\000l\000o\000g\000i\000e\000s\000\040\000u\000t\000i\000l\000i\000s\000\351\000e\000s}{section.3.4}% 52
\BOOKMARK [2][-]{subsection.3.4.2}{\376\377\000A\000r\000c\000h\000i\000t\000e\000c\000t\000u\000r\000e\000\040\000s\000y\000s\000t\000\350\000m\000e}{section.3.4}% 53
\BOOKMARK [2][-]{subsection.3.4.3}{\376\377\000O\000r\000g\000a\000n\000i\000s\000a\000t\000i\000o\000n\000\040\000f\000o\000n\000c\000t\000i\000o\000n\000n\000e\000l\000l\000e}{section.3.4}% 54
\BOOKMARK [1][-]{section.3.5}{\376\377\000A\000s\000p\000e\000c\000t\000s\000\040\000d\000e\000\040\000s\000\351\000c\000u\000r\000i\000t\000\351}{chapter.3}% 55
\BOOKMARK [2][-]{subsection.3.5.1}{\376\377\000R\000i\000s\000q\000u\000e\000s\000\040\000d\000e\000\040\000s\000\351\000c\000u\000r\000i\000t\000\351}{section.3.5}% 56
\BOOKMARK [3][-]{subsubsection.3.5.1.1}{\376\377\000A\000t\000t\000a\000q\000u\000e\000\040\000p\000a\000r\000\040\000f\000o\000r\000c\000e\000\040\000b\000r\000u\000t\000e\000\040\000\050\000B\000r\000u\000t\000e\000\040\000F\000o\000r\000c\000e\000\051}{subsection.3.5.1}% 57
\BOOKMARK [3][-]{subsubsection.3.5.1.2}{\376\377\000I\000n\000j\000e\000c\000t\000i\000o\000n\000\040\000S\000Q\000L}{subsection.3.5.1}% 58
\BOOKMARK [3][-]{subsubsection.3.5.1.3}{\376\377\000C\000r\000o\000s\000s\000-\000S\000i\000t\000e\000\040\000S\000c\000r\000i\000p\000t\000i\000n\000g\000\040\000\050\000X\000S\000S\000\051}{subsection.3.5.1}% 59
\BOOKMARK [3][-]{subsubsection.3.5.1.4}{\376\377\000A\000b\000s\000e\000n\000c\000e\000\040\000d\000e\000\040\000t\000r\000a\000\347\000a\000b\000i\000l\000i\000t\000\351\000\040\000d\000e\000s\000\040\000a\000c\000t\000i\000o\000n\000s}{subsection.3.5.1}% 60
\BOOKMARK [2][-]{subsection.3.5.2}{\376\377\000M\000e\000s\000u\000r\000e\000s\000\040\000d\000e\000\040\000s\000\351\000c\000u\000r\000i\000t\000\351}{section.3.5}% 61
\BOOKMARK [3][-]{subsubsection.3.5.2.1}{\376\377\000L\000i\000m\000i\000t\000a\000t\000i\000o\000n\000\040\000d\000e\000\040\000d\000\351\000b\000i\000t\000\040\000\050\000r\000a\000t\000e\000\040\000l\000i\000m\000i\000t\000i\000n\000g\000\051}{subsection.3.5.2}% 62
\BOOKMARK [3][-]{subsubsection.3.5.2.2}{\376\377\000R\000e\000n\000f\000o\000r\000c\000e\000m\000e\000n\000t\000\040\000d\000u\000\040\000m\000\351\000c\000a\000n\000i\000s\000m\000e\000\040\000d\000'\000a\000u\000t\000h\000e\000n\000t\000i\000f\000i\000c\000a\000t\000i\000o\000n}{subsection.3.5.2}% 63
\BOOKMARK [3][-]{subsubsection.3.5.2.3}{\376\377\000R\000e\000q\000u\000\352\000t\000e\000s\000\040\000S\000Q\000L\000\040\000p\000a\000r\000a\000m\000\351\000t\000r\000\351\000e\000s}{subsection.3.5.2}% 64
\BOOKMARK [3][-]{subsubsection.3.5.2.4}{\376\377\000P\000r\000o\000t\000e\000c\000t\000i\000o\000n\000\040\000c\000o\000n\000t\000r\000e\000\040\000l\000e\000s\000\040\000a\000t\000t\000a\000q\000u\000e\000s\000\040\000X\000S\000S}{subsection.3.5.2}% 65
\BOOKMARK [3][-]{subsubsection.3.5.2.5}{\376\377\000S\000\351\000c\000u\000r\000i\000s\000a\000t\000i\000o\000n\000\040\000d\000e\000s\000\040\000s\000e\000s\000s\000i\000o\000n\000s}{subsection.3.5.2}% 66
\BOOKMARK [3][-]{subsubsection.3.5.2.6}{\376\377\000G\000e\000s\000t\000i\000o\000n\000\040\000d\000e\000s\000\040\000r\000\364\000l\000e\000s\000\040\000e\000t\000\040\000d\000e\000s\000\040\000p\000e\000r\000m\000i\000s\000s\000i\000o\000n\000s}{subsection.3.5.2}% 67
\BOOKMARK [3][-]{subsubsection.3.5.2.7}{\376\377\000M\000i\000s\000e\000\040\000e\000n\000\040\000p\000l\000a\000c\000e\000\040\000d\000'\000u\000n\000\040\000s\000y\000s\000t\000\350\000m\000e\000\040\000d\000e\000\040\000j\000o\000u\000r\000n\000a\000l\000i\000s\000a\000t\000i\000o\000n}{subsection.3.5.2}% 68
\BOOKMARK [3][-]{subsubsection.3.5.2.8}{\376\377\000D\000\351\000t\000e\000c\000t\000i\000o\000n\000\040\000e\000t\000\040\000r\000\351\000a\000c\000t\000i\000o\000n\000\040\000a\000u\000x\000\040\000c\000o\000m\000p\000o\000r\000t\000e\000m\000e\000n\000t\000s\000\040\000m\000a\000l\000v\000e\000i\000l\000l\000a\000n\000t\000s}{subsection.3.5.2}% 69
\BOOKMARK [1][-]{section.3.6}{\376\377\000M\000o\000d\000\351\000l\000i\000s\000a\000t\000i\000o\000n}{chapter.3}% 70
\BOOKMARK [2][-]{subsection.3.6.1}{\376\377\000P\000r\000\351\000s\000e\000n\000t\000a\000t\000i\000o\000n\000\040\000e\000t\000\040\000c\000l\000a\000s\000s\000i\000f\000i\000c\000a\000t\000i\000o\000n\000\040\000d\000e\000s\000\040\000a\000c\000t\000e\000u\000r\000s}{section.3.6}% 71
\BOOKMARK [3][-]{subsubsection.3.6.1.1}{\376\377\000A\000d\000m\000i\000n\000i\000s\000t\000r\000a\000t\000e\000u\000r\000\040\000S\000y\000s\000t\000\350\000m\000e}{subsection.3.6.1}% 72
\BOOKMARK [3][-]{subsubsection.3.6.1.2}{\376\377\000A\000t\000t\000a\000q\000u\000a\000n\000t}{subsection.3.6.1}% 73
\BOOKMARK [3][-]{subsubsection.3.6.1.3}{\376\377\000U\000t\000i\000l\000i\000s\000a\000t\000e\000u\000r\000\040\000d\000u\000\040\000m\000i\000n\000i\000\040\000s\000i\000t\000e\000\040\000m\000\351\000t\000i\000e\000r}{subsection.3.6.1}% 74
\BOOKMARK [2][-]{subsection.3.6.2}{\376\377\000M\000o\000d\000\351\000l\000i\000s\000a\000t\000i\000o\000n\000\040\000d\000y\000n\000a\000m\000i\000q\000u\000e\000\040\000d\000u\000\040\000s\000y\000s\000t\000\350\000m\000e}{section.3.6}% 75
\BOOKMARK [3][-]{subsubsection.3.6.2.1}{\376\377\000D\000i\000a\000g\000r\000a\000m\000m\000e\000\040\000d\000e\000\040\000c\000a\000s\000\040\000d\000'\000u\000t\000i\000l\000i\000s\000a\000t\000i\000o\000n}{subsection.3.6.2}% 76
\BOOKMARK [3][-]{subsubsection.3.6.2.2}{\376\377\000D\000e\000s\000c\000r\000i\000p\000t\000i\000o\000n\000\040\000t\000e\000x\000t\000u\000e\000l\000l\000e\000\040\000d\000u\000\040\000c\000a\000s\000\040\000d\040\031\000u\000t\000i\000l\000i\000s\000a\000t\000i\000o\000n\000\040\000\253\000\040\000S\000e\000\040\000c\000o\000n\000n\000e\000c\000t\000e\000r\000\040\000\273}{subsection.3.6.2}% 77
\BOOKMARK [3][-]{subsubsection.3.6.2.3}{\376\377\000D\000e\000s\000c\000r\000i\000p\000t\000i\000o\000n\000\040\000t\000e\000x\000t\000u\000e\000l\000l\000e\000\040\000d\000u\000\040\000c\000a\000s\000\040\000d\040\031\000u\000t\000i\000l\000i\000s\000a\000t\000i\000o\000n\000\040\000\253\000\040\000G\000\351\000r\000e\000r\000\040\000u\000n\000\040\000i\000n\000c\000i\000d\000e\000n\000t\000\040\000\273}{subsection.3.6.2}% 78
\BOOKMARK [3][-]{subsubsection.3.6.2.4}{\376\377\000D\000e\000s\000c\000r\000i\000p\000t\000i\000o\000n\000\040\000t\000e\000x\000t\000u\000e\000l\000l\000e\000\040\000d\000u\000\040\000c\000a\000s\000\040\000d\040\031\000u\000t\000i\000l\000i\000s\000a\000t\000i\000o\000n\000\040\000\253\000\040\000U\000t\000i\000l\000i\000s\000e\000r\000\040\000l\000e\000\040\000m\000i\000n\000i\000\040\000s\000i\000t\000e\000\040\000m\000\351\000t\000i\000e\000r\000\040\000\273}{subsection.3.6.2}% 79
\BOOKMARK [3][-]{subsubsection.3.6.2.5}{\376\377\000D\000i\000a\000g\000r\000a\000m\000m\000e\000\040\000d\000e\000\040\000c\000l\000a\000s\000s\000e\000s}{subsection.3.6.2}% 80
\BOOKMARK [3][-]{subsubsection.3.6.2.6}{\376\377\000D\000i\000a\000g\000r\000a\000m\000m\000e\000\040\000d\000e\000\040\000d\000\351\000p\000l\000o\000i\000e\000m\000e\000n\000t}{subsection.3.6.2}% 81
\BOOKMARK [3][-]{subsubsection.3.6.2.7}{\376\377\000D\000i\000a\000g\000r\000a\000m\000m\000e\000\040\000d\000e\000\040\000s\000\351\000q\000u\000e\000n\000c\000e}{subsection.3.6.2}% 82
\BOOKMARK [1][-]{section.3.7}{\376\377\000C\000o\000n\000c\000l\000u\000s\000i\000o\000n}{chapter.3}% 83
\BOOKMARK [0][-]{chapter.4}{\376\377\000R\000\311\000S\000U\000L\000T\000A\000T\000S\000\040\000O\000B\000T\000E\000N\000U\000S}{}% 84
\BOOKMARK [1][-]{section.4.1}{\376\377\000I\000n\000t\000r\000o\000d\000u\000c\000t\000i\000o\000n}{chapter.4}% 85
\BOOKMARK [1][-]{section.4.2}{\376\377\000P\000r\000\351\000s\000e\000n\000t\000a\000t\000i\000o\000n\000\040\000g\000\351\000n\000\351\000r\000a\000l\000e\000\040\000d\000u\000\040\000s\000y\000s\000t\000\350\000m\000e\000\040\000r\000\351\000a\000l\000i\000s\000\351}{chapter.4}% 86
\BOOKMARK [1][-]{section.4.3}{\376\377\000F\000o\000n\000c\000t\000i\000o\000n\000n\000a\000l\000i\000t\000\351\000s\000\040\000i\000m\000p\000l\000\351\000m\000e\000n\000t\000\351\000e\000s}{chapter.4}% 87
\BOOKMARK [1][-]{section.4.4}{\376\377\000R\000\351\000s\000u\000l\000t\000a\000t\000s\000\040\000d\000e\000s\000\040\000t\000e\000s\000t\000s\000\040\000e\000t\000\040\000v\000a\000l\000i\000d\000a\000t\000i\000o\000n}{chapter.4}% 88
\BOOKMARK [1][-]{section.4.5}{\376\377\000I\000l\000l\000u\000s\000t\000r\000a\000t\000i\000o\000n\000\040\000d\000u\000\040\000s\000y\000s\000t\000\350\000m\000e}{chapter.4}% 89
\BOOKMARK [2][-]{subsection.4.5.1}{\376\377\000P\000a\000g\000e\000\040\000d\000e\000\040\000c\000o\000n\000n\000e\000x\000i\000o\000n\000\040\000a\000v\000e\000c\000\040\000a\000u\000t\000h\000e\000n\000t\000i\000f\000i\000c\000a\000t\000i\000o\000n\000\040\000O\000T\000P}{section.4.5}% 90
\BOOKMARK [2][-]{subsection.4.5.2}{\376\377\000T\000a\000b\000l\000e\000a\000u\000\040\000d\000e\000\040\000b\000o\000r\000d\000\040\000d\000e\000\040\000s\000u\000p\000e\000r\000v\000i\000s\000i\000o\000n}{section.4.5}% 91
\BOOKMARK [2][-]{subsection.4.5.3}{\376\377\000C\000e\000n\000t\000r\000e\000\040\000d\000'\000a\000l\000e\000r\000t\000e\000s}{section.4.5}% 92
\BOOKMARK [2][-]{subsection.4.5.4}{\376\377\000G\000e\000s\000t\000i\000o\000n\000\040\000d\000e\000s\000\040\000i\000n\000c\000i\000d\000e\000n\000t\000s}{section.4.5}% 93
\BOOKMARK [2][-]{subsection.4.5.5}{\376\377\000M\000i\000n\000i\000\040\000S\000i\000t\000e\000\040\000m\000\351\000t\000i\000e\000r}{section.4.5}% 94
\BOOKMARK [1][-]{section.4.6}{\376\377\000D\000i\000s\000c\000u\000s\000s\000i\000o\000n\000\040\000d\000e\000s\000\040\000r\000\351\000s\000u\000l\000t\000a\000t\000s}{chapter.4}% 95
\BOOKMARK [1][-]{section.4.7}{\376\377\000C\000o\000n\000c\000l\000u\000s\000i\000o\000n}{chapter.4}% 96
\BOOKMARK [0][-]{chapter.5}{\376\377\000C\000O\000N\000C\000L\000U\000S\000I\000O\000N\000\040\000G\000\311\000N\000\311\000R\000A\000L\000E}{}% 97
\BOOKMARK [0][-]{chapter.5}{\376\377\000B\000i\000b\000l\000i\000o\000g\000r\000a\000p\000h\000i\000e}{}% 98
